      Step     Time          Energy          fmax
FIRE:    0 01:20:02    -7214.524994        3.911948
FIRE:    1 01:20:03    -7215.927014        3.754534
FIRE:    2 01:20:08    -7217.286342        3.599929
FIRE:    3 01:20:12    -7218.604301        3.447901
FIRE:    4 01:20:13    -7219.882243        3.298231
FIRE:    5 01:20:13    -7221.121556        3.150720
FIRE:    6 01:20:18    -7222.323651        3.005196
FIRE:    7 01:20:19    -7223.489965        2.861519
FIRE:    8 01:20:19    -7224.622047        2.743898
FIRE:    9 01:20:19    -7225.721467        2.660757
FIRE:   10 01:20:19    -7226.789810        2.579877
FIRE:   11 01:20:19    -7227.828657        2.501182
FIRE:   12 01:20:19    -7228.839586        2.424622
FIRE:   13 01:20:19    -7229.824159        2.350216
FIRE:   14 01:20:20    -7230.783916        2.278029
FIRE:   15 01:20:20    -7231.720369        2.208057
FIRE:   16 01:20:20    -7232.634993        2.140304
FIRE:   17 01:20:20    -7233.529219        2.074781
FIRE:   18 01:20:20    -7234.404426        2.011501
FIRE:   19 01:20:20    -7235.261940        1.950478
FIRE:   20 01:20:20    -7236.103017        1.891720
FIRE:   21 01:20:21    -7236.928849        1.835234
FIRE:   22 01:20:21    -7237.740550        1.781017
FIRE:   23 01:20:21    -7238.539157        1.729058
FIRE:   24 01:20:21    -7239.325625        1.679337
FIRE:   25 01:20:21    -7240.100825        1.631823
FIRE:   26 01:20:21    -7240.865547        1.586477
FIRE:   27 01:20:21    -7241.620495        1.551591
FIRE:   28 01:20:21    -7242.366295        1.556006
FIRE:   29 01:20:22    -7243.103495        1.557817
FIRE:   30 01:20:22    -7243.832572        1.557031
FIRE:   31 01:20:22    -7244.553936        1.553690
FIRE:   32 01:20:22    -7245.267856        1.547869
FIRE:   33 01:20:22    -7245.974567        1.539677
FIRE:   34 01:20:22    -7246.674281        1.529248
FIRE:   35 01:20:22    -7247.367189        1.516737
FIRE:   36 01:20:23    -7248.053465        1.502310
FIRE:   37 01:20:23    -7248.733264        1.486144
FIRE:   38 01:20:23    -7249.406724        1.468419
FIRE:   39 01:20:23    -7250.073971        1.449313
FIRE:   40 01:20:23    -7250.735119        1.429005
FIRE:   41 01:20:23    -7251.390270        1.407664
FIRE:   42 01:20:23    -7252.039521        1.385454
FIRE:   43 01:20:24    -7252.682958        1.362530
FIRE:   44 01:20:24    -7253.320663        1.339034
FIRE:   45 01:20:24    -7253.952714        1.315100
FIRE:   46 01:20:24    -7254.579185        1.290850
FIRE:   47 01:20:24    -7255.200144        1.266393
FIRE:   48 01:20:24    -7255.815661        1.241831
FIRE:   49 01:20:24    -7256.425802        1.217252
FIRE:   50 01:20:24    -7257.030630        1.192737
FIRE:   51 01:20:25    -7257.630210        1.168364
FIRE:   52 01:20:25    -7258.224603        1.144194
FIRE:   53 01:20:25    -7258.813870        1.120279
FIRE:   54 01:20:25    -7259.398073        1.096666
FIRE:   55 01:20:25    -7259.977270        1.073395
FIRE:   56 01:20:25    -7260.551520        1.058540
FIRE:   57 01:20:25    -7261.120882        1.048447
FIRE:   58 01:20:26    -7261.685412        1.038298
FIRE:   59 01:20:26    -7262.245166        1.028090
FIRE:   60 01:20:26    -7262.800199        1.017822
FIRE:   61 01:20:26    -7263.350565        1.007489
FIRE:   62 01:20:26    -7263.896316        1.003947
FIRE:   63 01:20:26    -7264.437504        1.004368
FIRE:   64 01:20:26    -7264.974178        1.004696
FIRE:   65 01:20:26    -7265.506389        1.004931
FIRE:   66 01:20:27    -7266.034183        1.005072
FIRE:   67 01:20:27    -7266.557607        1.005120
FIRE:   68 01:20:27    -7267.076705        1.005074
FIRE:   69 01:20:27    -7267.591524        1.004935
FIRE:   70 01:20:27    -7268.102104        1.004702
FIRE:   71 01:20:27    -7268.608488        1.004378
FIRE:   72 01:20:27    -7269.110717        1.003961
FIRE:   73 01:20:28    -7269.608831        1.003454
FIRE:   74 01:20:28    -7270.102869        1.002857
FIRE:   75 01:20:28    -7270.592869        1.002170
FIRE:   76 01:20:28    -7271.078870        1.001395
FIRE:   77 01:20:28    -7271.560909        1.000533
FIRE:   78 01:20:28    -7272.039022        0.999585
FIRE:   79 01:20:28    -7272.513247        0.998552
FIRE:   80 01:20:29    -7272.983618        0.997434
FIRE:   81 01:20:29    -7273.450174        0.996234
FIRE:   82 01:20:29    -7273.912948        0.994950
FIRE:   83 01:20:29    -7274.371978        0.993589
FIRE:   84 01:20:29    -7274.827298        0.992156
FIRE:   85 01:20:29    -7275.278945        0.990650
FIRE:   86 01:20:29    -7275.726954        0.989072
FIRE:   87 01:20:29    -7276.171361        0.987420
FIRE:   88 01:20:30    -7276.612201        0.985694
FIRE:   89 01:20:30    -7277.049511        0.983891
FIRE:   90 01:20:30    -7277.483326        0.982011
FIRE:   91 01:20:30    -7277.913684        0.980050
FIRE:   92 01:20:30    -7278.340619        0.978006
FIRE:   93 01:20:30    -7278.764168        0.975876
FIRE:   94 01:20:30    -7279.184367        0.973655
FIRE:   95 01:20:31    -7279.601252        0.971340
FIRE:   96 01:20:31    -7280.014859        0.968926
FIRE:   97 01:20:31    -7280.425224        0.966406
FIRE:   98 01:20:31    -7280.832383        0.963775
FIRE:   99 01:20:32    -7281.236372        0.961027
FIRE:  100 01:20:32    -7281.637228        0.958153
FIRE:  101 01:20:32    -7282.034985        0.955146
FIRE:  102 01:20:32    -7282.429679        0.951999
FIRE:  103 01:20:32    -7282.821346        0.948701
FIRE:  104 01:20:32    -7283.210020        0.945244
FIRE:  105 01:20:32    -7283.595736        0.941618
FIRE:  106 01:20:33    -7283.978528        0.937814
FIRE:  107 01:20:33    -7284.358432        0.933820
FIRE:  108 01:20:33    -7284.735480        0.929627
FIRE:  109 01:20:33    -7285.109706        0.925224
FIRE:  110 01:20:33    -7285.481145        0.920600
FIRE:  111 01:20:33    -7285.849830        0.915743
FIRE:  112 01:20:33    -7286.215792        0.910642
FIRE:  113 01:20:33    -7286.579065        0.905285
FIRE:  114 01:20:34    -7286.939681        0.899663
FIRE:  115 01:20:34    -7287.297672        0.893764
FIRE:  116 01:20:34    -7287.653070        0.887578
FIRE:  117 01:20:34    -7288.005906        0.881094
FIRE:  118 01:20:34    -7288.356213        0.874302
FIRE:  119 01:20:34    -7288.704021        0.867195
FIRE:  120 01:20:34    -7289.049360        0.859761
FIRE:  121 01:20:35    -7289.392262        0.851995
FIRE:  122 01:20:35    -7289.732756        0.843886
FIRE:  123 01:20:35    -7290.070872        0.842956
FIRE:  124 01:20:35    -7290.406640        0.843723
FIRE:  125 01:20:35    -7290.740088        0.844574
FIRE:  126 01:20:35    -7291.071247        0.845510
FIRE:  127 01:20:35    -7291.400144        0.846531
FIRE:  128 01:20:35    -7291.726808        0.847635
FIRE:  129 01:20:36    -7292.051268        0.848823
FIRE:  130 01:20:36    -7292.373552        0.850093
FIRE:  131 01:20:36    -7292.693686        0.851443
FIRE:  132 01:20:36    -7293.011701        0.852872
FIRE:  133 01:20:36    -7293.327622        0.854379
FIRE:  134 01:20:36    -7293.641477        0.855960
FIRE:  135 01:20:36    -7293.953295        0.857613
FIRE:  136 01:20:37    -7294.263103        0.859337
FIRE:  137 01:20:37    -7294.570927        0.861127
FIRE:  138 01:20:37    -7294.876796        0.862981
FIRE:  139 01:20:37    -7295.180736        0.864896
FIRE:  140 01:20:37    -7295.482774        0.866867
FIRE:  141 01:20:37    -7295.782939        0.868891
FIRE:  142 01:20:37    -7296.081257        0.870965
FIRE:  143 01:20:38    -7296.377755        0.873084
FIRE:  144 01:20:38    -7296.672461        0.875245
FIRE:  145 01:20:38    -7296.965403        0.877442
FIRE:  146 01:20:38    -7297.256607        0.879673
FIRE:  147 01:20:38    -7297.546103        0.881932
FIRE:  148 01:20:38    -7297.833917        0.884215
FIRE:  149 01:20:38    -7298.120076        0.886518
FIRE:  150 01:20:39    -7298.404611        0.888837
FIRE:  151 01:20:39    -7298.687547        0.891168
FIRE:  152 01:20:39    -7298.968914        0.893506
FIRE:  153 01:20:39    -7299.248739        0.895847
FIRE:  154 01:20:39    -7299.527052        0.898188
FIRE:  155 01:20:39    -7299.803881        0.900524
FIRE:  156 01:20:39    -7300.079254        0.902852
FIRE:  157 01:20:39    -7300.353199        0.905167
FIRE:  158 01:20:40    -7300.625746        0.907467
FIRE:  159 01:20:40    -7300.896923        0.909748
FIRE:  160 01:20:40    -7301.166758        0.912006
FIRE:  161 01:20:40    -7301.435280        0.914238
FIRE:  162 01:20:40    -7301.702516        0.916440
FIRE:  163 01:20:40    -7301.968496        0.918609
FIRE:  164 01:20:40    -7302.233247        0.920741
FIRE:  165 01:20:41    -7302.496797        0.922834
FIRE:  166 01:20:41    -7302.759173        0.924884
FIRE:  167 01:20:41    -7303.020403        0.926887
FIRE:  168 01:20:41    -7303.280513        0.928839
FIRE:  169 01:20:41    -7303.539528        0.930736
FIRE:  170 01:20:41    -7303.797472        0.932561
FIRE:  171 01:20:41    -7304.054371        0.934304
FIRE:  172 01:20:42    -7304.310248        0.935959
FIRE:  173 01:20:42    -7304.565124        0.937525
FIRE:  174 01:20:42    -7304.819022        0.938995
FIRE:  175 01:20:42    -7305.071962        0.940366
FIRE:  176 01:20:42    -7305.323964        0.941633
FIRE:  177 01:20:42    -7305.575048        0.942791
FIRE:  178 01:20:42    -7305.825230        0.943834
FIRE:  179 01:20:43    -7306.074530        0.944758
FIRE:  180 01:20:43    -7306.322963        0.945556
FIRE:  181 01:20:43    -7306.570544        0.946222
FIRE:  182 01:20:43    -7306.817288        0.946750
FIRE:  183 01:20:43    -7307.063208        0.947131
FIRE:  184 01:20:43    -7307.308317        0.947359
FIRE:  185 01:20:43    -7307.552625        0.947426
FIRE:  186 01:20:44    -7307.796145        0.947323
FIRE:  187 01:20:44    -7308.038884        0.947042
FIRE:  188 01:20:44    -7308.280852        0.946571
FIRE:  189 01:20:44    -7308.522058        0.945883
FIRE:  190 01:20:44    -7308.762507        0.944966
FIRE:  191 01:20:44    -7309.002206        0.943810
FIRE:  192 01:20:44    -7309.241162        0.942407
FIRE:  193 01:20:45    -7309.479379        0.940747
FIRE:  194 01:20:45    -7309.716862        0.938818
FIRE:  195 01:20:45    -7309.953615        0.936609
FIRE:  196 01:20:45    -7310.189641        0.934110
FIRE:  197 01:20:45    -7310.424941        0.931308
FIRE:  198 01:20:45    -7310.659519        0.933544
FIRE:  199 01:20:45    -7310.893375        0.937090
FIRE:  200 01:20:46    -7311.126508        0.940489
FIRE:  201 01:20:46    -7311.358918        0.943724
FIRE:  202 01:20:46    -7311.590602        0.946781
FIRE:  203 01:20:46    -7311.821557        0.949640
FIRE:  204 01:20:46    -7312.051778        0.952284
FIRE:  205 01:20:46    -7312.281258        0.954695
FIRE:  206 01:20:46    -7312.509991        0.956851
FIRE:  207 01:20:47    -7312.737966        0.958733
FIRE:  208 01:20:47    -7312.965172        0.960322
FIRE:  209 01:20:47    -7313.191598        0.961595
FIRE:  210 01:20:47    -7313.417227        0.962532
FIRE:  211 01:20:47    -7313.642044        0.963111
FIRE:  212 01:20:47    -7313.866029        0.963313
FIRE:  213 01:20:47    -7314.089161        0.963116
FIRE:  214 01:20:48    -7314.311418        0.962501
FIRE:  215 01:20:48    -7314.532775        0.961448
FIRE:  216 01:20:48    -7314.753206        0.959939
FIRE:  217 01:20:48    -7314.972682        0.957957
FIRE:  218 01:20:48    -7315.191173        0.955485
FIRE:  219 01:20:48    -7315.408647        0.952509
FIRE:  220 01:20:48    -7315.625071        0.949015
FIRE:  221 01:20:49    -7315.840409        0.944991
FIRE:  222 01:20:49    -7316.054625        0.940425
FIRE:  223 01:20:49    -7316.267682        0.935308
FIRE:  224 01:20:49    -7316.479542        0.931476
FIRE:  225 01:20:49    -7316.690166        0.935970
FIRE:  226 01:20:49    -7316.899517        0.940291
FIRE:  227 01:20:49    -7317.107554        0.944426
FIRE:  228 01:20:50    -7317.314241        0.948364
FIRE:  229 01:20:50    -7317.519540        0.952091
FIRE:  230 01:20:50    -7317.723415        0.955594
FIRE:  231 01:20:50    -7317.925829        0.958857
FIRE:  232 01:20:50    -7318.126751        0.961866
FIRE:  233 01:20:50    -7318.326148        0.964605
FIRE:  234 01:20:50    -7318.523992        0.967058
FIRE:  235 01:20:51    -7318.720254        0.969207
FIRE:  236 01:20:51    -7318.914911        0.971035
FIRE:  237 01:20:51    -7319.107940        0.972524
FIRE:  238 01:20:51    -7319.299322        0.973655
FIRE:  239 01:20:51    -7319.489041        0.974411
FIRE:  240 01:20:51    -7319.677083        0.974774
FIRE:  241 01:20:52    -7319.863436        0.974724
FIRE:  242 01:20:52    -7320.048095        0.974243
FIRE:  243 01:20:52    -7320.231052        0.973314
FIRE:  244 01:20:52    -7320.412307        0.971920
FIRE:  245 01:20:52    -7320.591861        0.970042
FIRE:  246 01:20:52    -7320.769717        0.967664
FIRE:  247 01:20:52    -7320.945881        0.964770
FIRE:  248 01:20:53    -7321.120363        0.961343
FIRE:  249 01:20:53    -7321.293172        0.957370
FIRE:  250 01:20:53    -7321.464323        0.985425
FIRE:  251 01:20:53    -7321.633830        1.020642
FIRE:  252 01:20:53    -7321.801710        1.054878
FIRE:  253 01:20:53    -7321.967982        1.088034
FIRE:  254 01:20:53    -7322.132667        1.120014
FIRE:  255 01:20:54    -7322.295786        1.150728
FIRE:  256 01:20:54    -7322.457364        1.180089
FIRE:  257 01:20:54    -7322.617425        1.208016
FIRE:  258 01:20:54    -7322.775994        1.234434
FIRE:  259 01:20:54    -7322.933101        1.259272
FIRE:  260 01:20:54    -7323.088772        1.282468
FIRE:  261 01:20:54    -7323.243038        1.303963
FIRE:  262 01:20:55    -7323.395929        1.323709
FIRE:  263 01:20:55    -7323.547476        1.341662
FIRE:  264 01:20:55    -7323.697714        1.357786
FIRE:  265 01:20:55    -7323.846676        1.372052
FIRE:  266 01:20:55    -7323.994398        1.384438
FIRE:  267 01:20:55    -7324.140917        1.394930
FIRE:  268 01:20:55    -7324.286270        1.403520
FIRE:  269 01:20:56    -7324.430497        1.410207
FIRE:  270 01:20:56    -7324.573637        1.414997
FIRE:  271 01:20:56    -7324.715731        1.417903
FIRE:  272 01:20:56    -7324.856823        1.418943
FIRE:  273 01:20:56    -7324.996954        1.418144
FIRE:  274 01:20:56    -7325.136170        1.415534
FIRE:  275 01:20:56    -7325.274517        1.411151
FIRE:  276 01:20:57    -7325.412040        1.405035
FIRE:  277 01:20:57    -7325.548786        1.397233
FIRE:  278 01:20:57    -7325.684803        1.416944
FIRE:  279 01:20:57    -7325.820137        1.437064
FIRE:  280 01:20:57    -7325.954835        1.456030
FIRE:  281 01:20:57    -7326.088944        1.473760
FIRE:  282 01:20:57    -7326.222509        1.490166
FIRE:  283 01:20:58    -7326.355576        1.505151
FIRE:  284 01:20:58    -7326.488188        1.518612
FIRE:  285 01:20:58    -7326.620386        1.530443
FIRE:  286 01:20:58    -7326.752211        1.540529
FIRE:  287 01:20:58    -7326.883700        1.548755
FIRE:  288 01:20:58    -7327.014889        1.555001
FIRE:  289 01:20:58    -7327.145809        1.559150
FIRE:  290 01:20:59    -7327.276491        1.561087
FIRE:  291 01:20:59    -7327.406960        1.560700
FIRE:  292 01:20:59    -7327.537238        1.557889
FIRE:  293 01:20:59    -7327.667346        1.552564
FIRE:  294 01:20:59    -7327.797298        1.558472
FIRE:  295 01:20:59    -7327.927106        1.579854
FIRE:  296 01:20:59    -7328.056780        1.599346
FIRE:  297 01:21:00    -7328.186324        1.616906
FIRE:  298 01:21:00    -7328.315742        1.632497
FIRE:  299 01:21:00    -7328.445033        1.648194
FIRE:  300 01:21:00    -7328.574195        1.663640
FIRE:  301 01:21:00    -7328.703223        1.677817
FIRE:  302 01:21:00    -7328.832112        1.690640
FIRE:  303 01:21:00    -7328.960854        1.702033
FIRE:  304 01:21:01    -7329.089443        1.711928
FIRE:  305 01:21:01    -7329.217871        1.720264
FIRE:  306 01:21:01    -7329.346129        1.726988
FIRE:  307 01:21:01    -7329.474212        1.732056
FIRE:  308 01:21:01    -7329.602112        1.735432
FIRE:  309 01:21:01    -7329.729824        1.737088
FIRE:  310 01:21:01    -7329.857343        1.737004
FIRE:  311 01:21:02    -7329.984662        1.735168
FIRE:  312 01:21:02    -7330.111779        1.751847
FIRE:  313 01:21:02    -7330.238686        1.782647
FIRE:  314 01:21:02    -7330.365376        1.813042
FIRE:  315 01:21:02    -7330.491841        1.843063
FIRE:  316 01:21:02    -7330.618068        1.872741
FIRE:  317 01:21:02    -7330.744042        1.902111
FIRE:  318 01:21:03    -7330.869742        1.931207
FIRE:  319 01:21:03    -7330.995142        1.960064
FIRE:  320 01:21:03    -7331.120210        1.988718
FIRE:  321 01:21:03    -7331.244906        2.017200
FIRE:  322 01:21:03    -7331.369184        2.045545
FIRE:  323 01:21:03    -7331.492991        2.073781
FIRE:  324 01:21:03    -7331.616263        2.101936
FIRE:  325 01:21:04    -7331.738932        2.130033
FIRE:  326 01:21:04    -7331.860921        2.158091
FIRE:  327 01:21:04    -7331.982146        2.186125
FIRE:  328 01:21:04    -7332.102518        2.214145
FIRE:  329 01:21:04    -7332.221943        2.242155
FIRE:  330 01:21:04    -7332.340322        2.270152
FIRE:  331 01:21:04    -7332.457556        2.298130
FIRE:  332 01:21:05    -7332.573542        2.326074
FIRE:  333 01:21:05    -7332.688184        2.353963
FIRE:  334 01:21:05    -7332.801383        2.383451
FIRE:  335 01:21:05    -7332.913051        2.419869
FIRE:  336 01:21:05    -7333.023105        2.454151
FIRE:  337 01:21:05    -7333.131475        2.486203
FIRE:  338 01:21:05    -7333.238101        2.515940
FIRE:  339 01:21:06    -7333.342943        2.543287
FIRE:  340 01:21:06    -7333.445978        2.568176
FIRE:  341 01:21:06    -7333.547203        2.590548
FIRE:  342 01:21:06    -7333.646642        2.610352
FIRE:  343 01:21:06    -7333.744341        2.627548
FIRE:  344 01:21:06    -7333.840375        2.644958
FIRE:  345 01:21:06    -7333.934846        2.720171
FIRE:  346 01:21:07    -7334.027884        2.943440
FIRE:  347 01:21:07    -7334.119645        3.170058
FIRE:  348 01:21:07    -7334.210313        3.398370
FIRE:  349 01:21:07    -7334.300095        3.626682
FIRE:  350 01:21:07    -7334.389221        3.853280
FIRE:  351 01:21:07    -7334.477939        4.076432
FIRE:  352 01:21:07    -7334.566513        4.294404
FIRE:  353 01:21:08    -7334.655218        4.505472
FIRE:  354 01:21:08    -7334.744333        4.707938
FIRE:  355 01:21:08    -7334.834141        4.900146
FIRE:  356 01:21:08    -7334.924921        5.080496
FIRE:  357 01:21:08    -7335.016940        5.247467
FIRE:  358 01:21:08    -7335.110453        5.399632
FIRE:  359 01:21:08    -7335.205692        5.535679
FIRE:  360 01:21:09    -7335.302863        5.654428
FIRE:  361 01:21:09    -7335.402143        5.754850
FIRE:  362 01:21:09    -7335.503670        5.836080
FIRE:  363 01:21:09    -7335.607546        5.897433
FIRE:  364 01:21:09    -7335.713826        5.938412
FIRE:  365 01:21:09    -7335.822523        5.958718
FIRE:  366 01:21:09    -7335.933599        5.958249
FIRE:  367 01:21:10    -7336.046969        5.937108
FIRE:  368 01:21:10    -7336.162498        5.895590
FIRE:  369 01:21:10    -7336.280004        5.834182
FIRE:  370 01:21:10    -7336.399257        5.753548
FIRE:  371 01:21:10    -7336.519982        5.654518
FIRE:  372 01:21:10    -7336.641864        5.538068
FIRE:  373 01:21:10    -7336.764551        5.405307
FIRE:  374 01:21:11    -7336.887655        5.257452
FIRE:  375 01:21:11    -7337.010762        5.095813
FIRE:  376 01:21:11    -7337.133435        4.921768
FIRE:  377 01:21:11    -7337.255220        4.736746
FIRE:  378 01:21:11    -7337.375650        4.542206
FIRE:  379 01:21:11    -7337.494251        4.339622
FIRE:  380 01:21:11    -7337.610549        4.130462
FIRE:  381 01:21:12    -7337.724073        3.916180
FIRE:  382 01:21:12    -7337.834364        3.698195
FIRE:  383 01:21:12    -7337.940977        3.477885
FIRE:  384 01:21:12    -7338.043487        3.256573
FIRE:  385 01:21:12    -7338.141497        3.035521
FIRE:  386 01:21:12    -7338.234635        2.815918
FIRE:  387 01:21:13    -7338.322569        2.598874
FIRE:  388 01:21:13    -7338.405002        2.615294
FIRE:  389 01:21:13    -7338.481684        2.646200
FIRE:  390 01:21:13    -7338.552414        2.677181
FIRE:  391 01:21:13    -7338.617042        2.708024
FIRE:  392 01:21:13    -7338.675476        2.738496
FIRE:  393 01:21:13    -7338.727686        2.768347
FIRE:  394 01:21:14    -7338.773702        2.797308
FIRE:  395 01:21:14    -7338.813619        3.009660
FIRE:  396 01:21:14    -7338.847601        3.315769
FIRE:  397 01:21:14    -7338.875876        3.629693
FIRE:  398 01:21:14    -7338.898738        3.949815
FIRE:  399 01:21:14    -7338.916551        4.274405
FIRE:  400 01:21:14    -7338.929739        4.601611
FIRE:  401 01:21:15    -7338.938789        4.929453
FIRE:  402 01:21:15    -7338.944247        5.255815
FIRE:  403 01:21:15    -7338.946713        5.578451
FIRE:  404 01:21:15    -7339.506857        4.200525
FIRE:  405 01:21:15    -7339.989275        3.103257
FIRE:  406 01:21:15    -7340.410556        2.238238
FIRE:  407 01:21:15    -7340.784163        1.775987
FIRE:  408 01:21:16    -7341.120873        1.515696
FIRE:  409 01:21:16    -7341.429131        1.280888
FIRE:  410 01:21:16    -7341.715421        1.100926
FIRE:  411 01:21:16    -7341.984978        0.999990
FIRE:  412 01:21:16    -7342.241677        0.954775
FIRE:  413 01:21:16    -7342.488361        0.912058
FIRE:  414 01:21:16    -7342.727075        0.872470
FIRE:  415 01:21:17    -7342.959264        0.836591
FIRE:  416 01:21:17    -7343.185915        0.805069
FIRE:  417 01:21:17    -7343.407681        0.779914
FIRE:  418 01:21:17    -7343.624850        0.785072
FIRE:  419 01:21:17    -7343.837579        0.790173
FIRE:  420 01:21:17    -7344.045989        0.795172
FIRE:  421 01:21:17    -7344.250185        0.800025
FIRE:  422 01:21:18    -7344.450281        0.804689
FIRE:  423 01:21:18    -7344.646414        0.809118
FIRE:  424 01:21:18    -7344.838752        0.813266
FIRE:  425 01:21:18    -7345.027508        0.817086
FIRE:  426 01:21:18    -7345.212939        0.820528
FIRE:  427 01:21:18    -7345.395339        0.823544
FIRE:  428 01:21:18    -7345.575036        0.826083
FIRE:  429 01:21:19    -7345.752373        0.828096
FIRE:  430 01:21:19    -7345.927693        0.836728
FIRE:  431 01:21:19    -7346.101318        0.859731
FIRE:  432 01:21:19    -7346.273530        0.881933
FIRE:  433 01:21:19    -7346.444555        0.902303
FIRE:  434 01:21:19    -7346.614557        0.919749
FIRE:  435 01:21:19    -7346.783626        0.933160
FIRE:  436 01:21:20    -7346.951782        0.941482
FIRE:  437 01:21:20    -7347.118980        0.943801
FIRE:  438 01:21:20    -7347.285122        0.939453
FIRE:  439 01:21:20    -7347.450069        0.928115
FIRE:  440 01:21:20    -7347.613663        0.909886
FIRE:  441 01:21:20    -7347.775738        0.885307
FIRE:  442 01:21:20    -7347.936147        0.855334
FIRE:  443 01:21:21    -7348.094770        0.821217
FIRE:  444 01:21:21    -7348.251528        0.784334
FIRE:  445 01:21:21    -7348.406383        0.765716
FIRE:  446 01:21:21    -7348.559336        0.756280
FIRE:  447 01:21:21    -7348.710413        0.746523
FIRE:  448 01:21:21    -7348.859655        0.736544
FIRE:  449 01:21:21    -7349.007097        0.726442
FIRE:  450 01:21:22    -7349.152762        0.716309
FIRE:  451 01:21:22    -7349.296646        0.706228
FIRE:  452 01:21:22    -7349.438724        0.696264
FIRE:  453 01:21:22    -7349.578950        0.686465
FIRE:  454 01:21:22    -7349.717273        0.676855
FIRE:  455 01:21:22    -7349.853656        0.667435
FIRE:  456 01:21:22    -7349.988097        0.658179
FIRE:  457 01:21:23    -7350.120650        0.649041
FIRE:  458 01:21:23    -7350.251449        0.639952
FIRE:  459 01:21:23    -7350.380708        0.630830
FIRE:  460 01:21:23    -7350.508721        0.621583
FIRE:  461 01:21:23    -7350.635838        0.612116
FIRE:  462 01:21:23    -7350.762429        0.606515
FIRE:  463 01:21:23    -7350.888838        0.615134
FIRE:  464 01:21:24    -7351.015344        0.662829
FIRE:  465 01:21:24    -7351.142118        0.694343
FIRE:  466 01:21:24    -7351.269208        0.708423
FIRE:  467 01:21:24    -7351.396539        0.705213
FIRE:  468 01:21:24    -7351.523931        0.686067
FIRE:  469 01:21:24    -7351.651131        0.653305
FIRE:  470 01:21:24    -7351.777848        0.609949
FIRE:  471 01:21:25    -7351.903800        0.609457
FIRE:  472 01:21:25    -7352.028735        0.612700
FIRE:  473 01:21:25    -7352.152462        0.615865
FIRE:  474 01:21:25    -7352.274853        0.618944
FIRE:  475 01:21:25    -7352.395850        0.621934
FIRE:  476 01:21:25    -7352.515453        0.624831
FIRE:  477 01:21:25    -7352.633712        0.627629
FIRE:  478 01:21:26    -7352.750707        0.630327
FIRE:  479 01:21:26    -7352.866541        0.632921
FIRE:  480 01:21:26    -7352.981326        0.635408
FIRE:  481 01:21:26    -7353.095174        0.637787
FIRE:  482 01:21:26    -7353.208188        0.640054
FIRE:  483 01:21:26    -7353.320463        0.642205
FIRE:  484 01:21:27    -7353.432081        0.644236
FIRE:  485 01:21:27    -7353.543109        0.646141
FIRE:  486 01:21:27    -7353.653601        0.647910
FIRE:  487 01:21:27    -7353.763599        0.649533
FIRE:  488 01:21:27    -7353.873134        0.650993
FIRE:  489 01:21:27    -7353.982226        0.652269
FIRE:  490 01:21:28    -7354.090890        0.653335
FIRE:  491 01:21:28    -7354.199134        0.654149
FIRE:  492 01:21:28    -7354.306959        0.654671
FIRE:  493 01:21:28    -7354.414366        0.654854
FIRE:  494 01:21:28    -7354.521353        0.654642
FIRE:  495 01:21:28    -7354.627917        0.653974
FIRE:  496 01:21:28    -7354.734056        0.652765
FIRE:  497 01:21:29    -7354.839769        0.650924
FIRE:  498 01:21:29    -7354.945052        0.648374
FIRE:  499 01:21:29    -7355.049908        0.645041
FIRE:  500 01:21:29    -7355.154336        0.640847
      Step     Time          Energy          fmax
FIRE:    0 15:09:49    -7203.398977        4.807060
FIRE:    1 15:09:49    -7204.812315        4.545862
FIRE:    2 15:09:54    -7206.181841        4.296742
FIRE:    3 15:09:58    -7207.508986        4.058877
FIRE:    4 15:09:58    -7208.795202        3.831465
FIRE:    5 15:10:03    -7210.041963        3.613740
FIRE:    6 15:10:03    -7211.250758        3.404980
FIRE:    7 15:10:03    -7212.423090        3.204518
FIRE:    8 15:10:03    -7213.560570        3.011911
FIRE:    9 15:10:03    -7214.664822        2.826691
FIRE:   10 15:10:03    -7215.737475        2.648412
FIRE:   11 15:10:04    -7216.780152        2.476658
FIRE:   12 15:10:04    -7217.794466        2.331985
FIRE:   13 15:10:04    -7218.782012        2.236578
FIRE:   14 15:10:04    -7219.744355        2.146367
FIRE:   15 15:10:04    -7220.683032        2.061072
FIRE:   16 15:10:04    -7221.599539        1.980437
FIRE:   17 15:10:04    -7222.495325        1.904234
FIRE:   18 15:10:05    -7223.371790        1.832254
FIRE:   19 15:10:05    -7224.230274        1.764303
FIRE:   20 15:10:05    -7225.072053        1.700198
FIRE:   21 15:10:05    -7225.898335        1.639765
FIRE:   22 15:10:05    -7226.710251        1.611325
FIRE:   23 15:10:05    -7227.508858        1.596883
FIRE:   24 15:10:05    -7228.295129        1.582319
FIRE:   25 15:10:06    -7229.069957        1.567637
FIRE:   26 15:10:06    -7229.834151        1.552841
FIRE:   27 15:10:06    -7230.588438        1.537933
FIRE:   28 15:10:06    -7231.333465        1.522916
FIRE:   29 15:10:06    -7232.069801        1.507794
FIRE:   30 15:10:06    -7232.797946        1.492568
FIRE:   31 15:10:07    -7233.518329        1.477240
FIRE:   32 15:10:07    -7234.231242        1.461807
FIRE:   33 15:10:07    -7234.936937        1.446268
FIRE:   34 15:10:07    -7235.635644        1.430620
FIRE:   35 15:10:07    -7236.327573        1.414860
FIRE:   36 15:10:07    -7237.012911        1.398989
FIRE:   37 15:10:07    -7237.691830        1.383005
FIRE:   38 15:10:08    -7238.364481        1.366909
FIRE:   39 15:10:08    -7239.031003        1.350701
FIRE:   40 15:10:08    -7239.691519        1.334385
FIRE:   41 15:10:08    -7240.346144        1.317961
FIRE:   42 15:10:08    -7240.994981        1.301434
FIRE:   43 15:10:08    -7241.638126        1.284808
FIRE:   44 15:10:08    -7242.275667        1.268087
FIRE:   45 15:10:09    -7242.907689        1.251278
FIRE:   46 15:10:09    -7243.534269        1.234388
FIRE:   47 15:10:09    -7244.155484        1.217428
FIRE:   48 15:10:09    -7244.771406        1.200412
FIRE:   49 15:10:09    -7245.382103        1.183346
FIRE:   50 15:10:09    -7245.987646        1.166243
FIRE:   51 15:10:10    -7246.588098        1.149112
FIRE:   52 15:10:10    -7247.183527        1.131966
FIRE:   53 15:10:10    -7247.773994        1.114816
FIRE:   54 15:10:10    -7248.359564        1.097675
FIRE:   55 15:10:10    -7248.940297        1.080558
FIRE:   56 15:10:10    -7249.516254        1.063478
FIRE:   57 15:10:10    -7250.087496        1.046450
FIRE:   58 15:10:11    -7250.654080        1.029489
FIRE:   59 15:10:11    -7251.216066        1.012611
FIRE:   60 15:10:11    -7251.773509        1.011204
FIRE:   61 15:10:11    -7252.326467        1.013479
FIRE:   62 15:10:11    -7252.874993        1.015665
FIRE:   63 15:10:11    -7253.419141        1.017745
FIRE:   64 15:10:11    -7253.958962        1.019702
FIRE:   65 15:10:12    -7254.494509        1.021522
FIRE:   66 15:10:12    -7255.025831        1.023189
FIRE:   67 15:10:12    -7255.552976        1.024686
FIRE:   68 15:10:12    -7256.075992        1.025995
FIRE:   69 15:10:12    -7256.594924        1.027096
FIRE:   70 15:10:12    -7257.109819        1.027973
FIRE:   71 15:10:12    -7257.620719        1.028610
FIRE:   72 15:10:13    -7258.127668        1.028990
FIRE:   73 15:10:13    -7258.630707        1.029099
FIRE:   74 15:10:13    -7259.129879        1.028920
FIRE:   75 15:10:13    -7259.625223        1.028505
FIRE:   76 15:10:13    -7260.116779        1.029737
FIRE:   77 15:10:13    -7260.604585        1.030885
FIRE:   78 15:10:13    -7261.088681        1.031947
FIRE:   79 15:10:14    -7261.569104        1.032924
FIRE:   80 15:10:14    -7262.045892        1.033813
FIRE:   81 15:10:14    -7262.519081        1.034614
FIRE:   82 15:10:14    -7262.988708        1.035324
FIRE:   83 15:10:14    -7263.454809        1.035941
FIRE:   84 15:10:14    -7263.917422        1.036464
FIRE:   85 15:10:14    -7264.376580        1.036890
FIRE:   86 15:10:15    -7264.832320        1.037217
FIRE:   87 15:10:15    -7265.284678        1.037443
FIRE:   88 15:10:15    -7265.733688        1.037565
FIRE:   89 15:10:15    -7266.179386        1.037580
FIRE:   90 15:10:15    -7266.621806        1.037484
FIRE:   91 15:10:15    -7267.060985        1.037273
FIRE:   92 15:10:16    -7267.496956        1.036944
FIRE:   93 15:10:16    -7267.929755        1.036491
FIRE:   94 15:10:16    -7268.359416        1.035909
FIRE:   95 15:10:16    -7268.785973        1.035193
FIRE:   96 15:10:16    -7269.209460        1.034336
FIRE:   97 15:10:16    -7269.629909        1.033333
FIRE:   98 15:10:16    -7270.047355        1.032177
FIRE:   99 15:10:17    -7270.461830        1.030859
FIRE:  100 15:10:17    -7270.873366        1.029373
FIRE:  101 15:10:17    -7271.281995        1.027709
FIRE:  102 15:10:17    -7271.687749        1.025859
FIRE:  103 15:10:17    -7272.090657        1.023813
FIRE:  104 15:10:17    -7272.490751        1.021562
FIRE:  105 15:10:17    -7272.888059        1.019096
FIRE:  106 15:10:18    -7273.282610        1.016403
FIRE:  107 15:10:18    -7273.674434        1.013471
FIRE:  108 15:10:18    -7274.063558        1.010290
FIRE:  109 15:10:18    -7274.450009        1.006841
FIRE:  110 15:10:18    -7274.833814        1.003111
FIRE:  111 15:10:18    -7275.214998        0.999086
FIRE:  112 15:10:18    -7275.593587        0.994753
FIRE:  113 15:10:19    -7275.969606        0.990095
FIRE:  114 15:10:19    -7276.343077        0.985097
FIRE:  115 15:10:19    -7276.714026        0.979743
FIRE:  116 15:10:19    -7277.082474        0.974016
FIRE:  117 15:10:19    -7277.448444        0.967898
FIRE:  118 15:10:19    -7277.811956        0.961372
FIRE:  119 15:10:19    -7278.173032        0.954418
FIRE:  120 15:10:20    -7278.531690        0.947019
FIRE:  121 15:10:20    -7278.887951        0.939154
FIRE:  122 15:10:20    -7279.241834        0.930804
FIRE:  123 15:10:20    -7279.593355        0.921949
FIRE:  124 15:10:20    -7279.942535        0.912571
FIRE:  125 15:10:20    -7280.289390        0.902649
FIRE:  126 15:10:20    -7280.633936        0.892165
FIRE:  127 15:10:21    -7280.976192        0.886412
FIRE:  128 15:10:21    -7281.316173        0.883985
FIRE:  129 15:10:21    -7281.653896        0.881153
FIRE:  130 15:10:21    -7281.989378        0.877906
FIRE:  131 15:10:21    -7282.322634        0.874237
FIRE:  132 15:10:21    -7282.653681        0.870138
FIRE:  133 15:10:22    -7282.982536        0.865599
FIRE:  134 15:10:22    -7283.309216        0.860614
FIRE:  135 15:10:22    -7283.633739        0.855174
FIRE:  136 15:10:22    -7283.956121        0.849270
FIRE:  137 15:10:22    -7284.276382        0.842894
FIRE:  138 15:10:22    -7284.594540        0.836037
FIRE:  139 15:10:23    -7284.910615        0.828689
FIRE:  140 15:10:23    -7285.224629        0.820841
FIRE:  141 15:10:23    -7285.536603        0.812484
FIRE:  142 15:10:23    -7285.846559        0.807914
FIRE:  143 15:10:23    -7286.154520        0.813376
FIRE:  144 15:10:23    -7286.460512        0.818748
FIRE:  145 15:10:23    -7286.764561        0.824018
FIRE:  146 15:10:24    -7287.066692        0.829172
FIRE:  147 15:10:24    -7287.366935        0.834197
FIRE:  148 15:10:24    -7287.665317        0.839079
FIRE:  149 15:10:24    -7287.961871        0.843803
FIRE:  150 15:10:24    -7288.256626        0.848355
FIRE:  151 15:10:24    -7288.549615        0.852722
FIRE:  152 15:10:24    -7288.840872        0.856887
FIRE:  153 15:10:25    -7289.130430        0.860838
FIRE:  154 15:10:25    -7289.418326        0.864558
FIRE:  155 15:10:25    -7289.704595        0.868034
FIRE:  156 15:10:25    -7289.989275        0.871249
FIRE:  157 15:10:25    -7290.272403        0.874191
FIRE:  158 15:10:25    -7290.554019        0.876843
FIRE:  159 15:10:25    -7290.834162        0.879200
FIRE:  160 15:10:26    -7291.112872        0.881250
FIRE:  161 15:10:26    -7291.390191        0.882976
FIRE:  162 15:10:26    -7291.666159        0.884359
FIRE:  163 15:10:26    -7291.940820        0.885382
FIRE:  164 15:10:26    -7292.214216        0.886026
FIRE:  165 15:10:26    -7292.486390        0.886274
FIRE:  166 15:10:26    -7292.757385        0.886109
FIRE:  167 15:10:27    -7293.027245        0.885513
FIRE:  168 15:10:27    -7293.296013        0.884470
FIRE:  169 15:10:27    -7293.563733        0.882963
FIRE:  170 15:10:27    -7293.830449        0.880977
FIRE:  171 15:10:27    -7294.096204        0.878496
FIRE:  172 15:10:27    -7294.361042        0.875506
FIRE:  173 15:10:27    -7294.625006        0.871994
FIRE:  174 15:10:28    -7294.888138        0.867965
FIRE:  175 15:10:28    -7295.150480        0.863413
FIRE:  176 15:10:28    -7295.412075        0.858325
FIRE:  177 15:10:28    -7295.672963        0.852692
FIRE:  178 15:10:28    -7295.933183        0.846503
FIRE:  179 15:10:28    -7296.192773        0.839749
FIRE:  180 15:10:28    -7296.451770        0.834012
FIRE:  181 15:10:29    -7296.710208        0.837932
FIRE:  182 15:10:29    -7296.968120        0.841822
FIRE:  183 15:10:29    -7297.225537        0.845666
FIRE:  184 15:10:29    -7297.482487        0.849445
FIRE:  185 15:10:29    -7297.738995        0.853143
FIRE:  186 15:10:29    -7297.995085        0.856741
FIRE:  187 15:10:29    -7298.250775        0.860224
FIRE:  188 15:10:29    -7298.506083        0.863575
FIRE:  189 15:10:30    -7298.761022        0.866777
FIRE:  190 15:10:30    -7299.015603        0.869814
FIRE:  191 15:10:30    -7299.269830        0.872672
FIRE:  192 15:10:30    -7299.523708        0.875337
FIRE:  193 15:10:30    -7299.777235        0.877793
FIRE:  194 15:10:30    -7300.030406        0.880028
FIRE:  195 15:10:30    -7300.283214        0.882029
FIRE:  196 15:10:31    -7300.535646        0.883783
FIRE:  197 15:10:31    -7300.787687        0.885279
FIRE:  198 15:10:31    -7301.039316        0.886505
FIRE:  199 15:10:31    -7301.290513        0.888191
FIRE:  200 15:10:31    -7301.541249        0.893428
FIRE:  201 15:10:31    -7301.791497        0.898485
FIRE:  202 15:10:31    -7302.041223        0.903351
FIRE:  203 15:10:32    -7302.290391        0.908017
FIRE:  204 15:10:32    -7302.538964        0.912473
FIRE:  205 15:10:32    -7302.786901        0.916710
FIRE:  206 15:10:32    -7303.034159        0.920722
FIRE:  207 15:10:32    -7303.280693        0.924501
FIRE:  208 15:10:32    -7303.526457        0.928041
FIRE:  209 15:10:32    -7303.771403        0.931338
FIRE:  210 15:10:33    -7304.015484        0.935893
FIRE:  211 15:10:33    -7304.258649        0.940987
FIRE:  212 15:10:33    -7304.500849        0.945982
FIRE:  213 15:10:33    -7304.742035        0.950867
FIRE:  214 15:10:33    -7304.982155        0.955630
FIRE:  215 15:10:33    -7305.221162        0.960259
FIRE:  216 15:10:33    -7305.459006        0.964743
FIRE:  217 15:10:34    -7305.695639        0.969069
FIRE:  218 15:10:34    -7305.931013        0.973225
FIRE:  219 15:10:34    -7306.165083        0.977198
FIRE:  220 15:10:34    -7306.397803        0.980975
FIRE:  221 15:10:34    -7306.629131        0.984544
FIRE:  222 15:10:34    -7306.859024        0.987890
FIRE:  223 15:10:34    -7307.087442        0.991000
FIRE:  224 15:10:34    -7307.314347        0.993861
FIRE:  225 15:10:35    -7307.539703        0.996460
FIRE:  226 15:10:35    -7307.763473        0.998781
FIRE:  227 15:10:35    -7307.985627        1.000812
FIRE:  228 15:10:35    -7308.206133        1.002538
FIRE:  229 15:10:35    -7308.424962        1.003946
FIRE:  230 15:10:35    -7308.642089        1.005022
FIRE:  231 15:10:35    -7308.857489        1.005753
FIRE:  232 15:10:36    -7309.071140        1.006124
FIRE:  233 15:10:36    -7309.283020        1.006122
FIRE:  234 15:10:36    -7309.493114        1.011208
FIRE:  235 15:10:36    -7309.701403        1.032365
FIRE:  236 15:10:36    -7309.907875        1.051886
FIRE:  237 15:10:36    -7310.112518        1.069718
FIRE:  238 15:10:36    -7310.315322        1.085818
FIRE:  239 15:10:37    -7310.516280        1.100147
FIRE:  240 15:10:37    -7310.715387        1.112677
FIRE:  241 15:10:37    -7310.912640        1.123388
FIRE:  242 15:10:37    -7311.108038        1.132267
FIRE:  243 15:10:37    -7311.301584        1.139311
FIRE:  244 15:10:37    -7311.493280        1.144523
FIRE:  245 15:10:37    -7311.683133        1.147916
FIRE:  246 15:10:38    -7311.871152        1.149508
FIRE:  247 15:10:38    -7312.057346        1.149327
FIRE:  248 15:10:38    -7312.241729        1.147406
FIRE:  249 15:10:38    -7312.424315        1.143787
FIRE:  250 15:10:38    -7312.605123        1.138516
FIRE:  251 15:10:38    -7312.784171        1.131646
FIRE:  252 15:10:38    -7312.961480        1.123236
FIRE:  253 15:10:39    -7313.137074        1.113347
FIRE:  254 15:10:39    -7313.310977        1.102049
FIRE:  255 15:10:39    -7313.483217        1.089412
FIRE:  256 15:10:39    -7313.653821        1.075512
FIRE:  257 15:10:39    -7313.822817        1.060425
FIRE:  258 15:10:39    -7313.990237        1.044232
FIRE:  259 15:10:39    -7314.156110        1.036534
FIRE:  260 15:10:39    -7314.320469        1.038589
FIRE:  261 15:10:40    -7314.483346        1.039237
FIRE:  262 15:10:40    -7314.644773        1.038475
FIRE:  263 15:10:40    -7314.804784        1.036307
FIRE:  264 15:10:40    -7314.963410        1.032740
FIRE:  265 15:10:40    -7315.120685        1.042785
FIRE:  266 15:10:40    -7315.276640        1.074812
FIRE:  267 15:10:40    -7315.431306        1.106196
FIRE:  268 15:10:41    -7315.584715        1.136315
FIRE:  269 15:10:41    -7315.736896        1.165077
FIRE:  270 15:10:41    -7315.887876        1.192396
FIRE:  271 15:10:41    -7316.037684        1.218190
FIRE:  272 15:10:41    -7316.186344        1.242388
FIRE:  273 15:10:41    -7316.333880        1.264922
FIRE:  274 15:10:41    -7316.480314        1.285733
FIRE:  275 15:10:42    -7316.625667        1.304769
FIRE:  276 15:10:42    -7316.769958        1.321985
FIRE:  277 15:10:42    -7316.913204        1.337344
FIRE:  278 15:10:42    -7317.055421        1.350817
FIRE:  279 15:10:42    -7317.196624        1.362380
FIRE:  280 15:10:42    -7317.336825        1.372021
FIRE:  281 15:10:42    -7317.476035        1.379732
FIRE:  282 15:10:43    -7317.614264        1.393669
FIRE:  283 15:10:43    -7317.751520        1.429217
FIRE:  284 15:10:43    -7317.887809        1.463402
FIRE:  285 15:10:43    -7318.023139        1.496136
FIRE:  286 15:10:43    -7318.157512        1.527338
FIRE:  287 15:10:43    -7318.290935        1.556931
FIRE:  288 15:10:43    -7318.423408        1.584846
FIRE:  289 15:10:44    -7318.554936        1.611018
FIRE:  290 15:10:44    -7318.685520        1.635389
FIRE:  291 15:10:44    -7318.815164        1.657910
FIRE:  292 15:10:44    -7318.943869        1.678536
FIRE:  293 15:10:44    -7319.071640        1.697230
FIRE:  294 15:10:44    -7319.198479        1.713961
FIRE:  295 15:10:44    -7319.324391        1.728707
FIRE:  296 15:10:44    -7319.449384        1.741451
FIRE:  297 15:10:45    -7319.573463        1.752183
FIRE:  298 15:10:45    -7319.696639        1.760901
FIRE:  299 15:10:45    -7319.818920        1.767608
FIRE:  300 15:10:45    -7319.940321        1.772315
FIRE:  301 15:10:45    -7320.060854        1.775037
FIRE:  302 15:10:45    -7320.180536        1.775798
FIRE:  303 15:10:45    -7320.299385        1.774625
FIRE:  304 15:10:46    -7320.417421        1.771551
FIRE:  305 15:10:46    -7320.534667        1.766617
FIRE:  306 15:10:46    -7320.651146        1.802073
FIRE:  307 15:10:46    -7320.766884        1.840930
FIRE:  308 15:10:46    -7320.881910        1.878117
FIRE:  309 15:10:46    -7320.996253        1.913537
FIRE:  310 15:10:46    -7321.109943        1.947098
FIRE:  311 15:10:47    -7321.223015        1.978714
FIRE:  312 15:10:47    -7321.335501        2.008301
FIRE:  313 15:10:47    -7321.447436        2.035783
FIRE:  314 15:10:47    -7321.558857        2.061089
FIRE:  315 15:10:47    -7321.669801        2.084154
FIRE:  316 15:10:47    -7321.780305        2.104923
FIRE:  317 15:10:47    -7321.890408        2.123344
FIRE:  318 15:10:48    -7322.000147        2.139374
FIRE:  319 15:10:48    -7322.109561        2.152979
FIRE:  320 15:10:48    -7322.218687        2.164131
FIRE:  321 15:10:48    -7322.327565        2.172811
FIRE:  322 15:10:48    -7322.436230        2.179007
FIRE:  323 15:10:48    -7322.544719        2.182717
FIRE:  324 15:10:48    -7322.653069        2.183945
FIRE:  325 15:10:49    -7322.761315        2.182704
FIRE:  326 15:10:49    -7322.869493        2.179015
FIRE:  327 15:10:49    -7322.977637        2.172905
FIRE:  328 15:10:49    -7323.085781        2.164412
FIRE:  329 15:10:49    -7323.193957        2.160357
FIRE:  330 15:10:49    -7323.302197        2.162887
FIRE:  331 15:10:49    -7323.410532        2.163647
FIRE:  332 15:10:49    -7323.518994        2.162680
FIRE:  333 15:10:50    -7323.627611        2.181217
FIRE:  334 15:10:50    -7323.736413        2.213797
FIRE:  335 15:10:50    -7323.845428        2.244652
FIRE:  336 15:10:50    -7323.954684        2.273702
FIRE:  337 15:10:50    -7324.064206        2.300874
FIRE:  338 15:10:50    -7324.174022        2.326102
FIRE:  339 15:10:50    -7324.284155        2.349325
FIRE:  340 15:10:51    -7324.394631        2.370485
FIRE:  341 15:10:51    -7324.505472        2.389532
FIRE:  342 15:10:51    -7324.616702        2.406419
FIRE:  343 15:10:51    -7324.728341        2.421111
FIRE:  344 15:10:51    -7324.840410        2.441900
FIRE:  345 15:10:51    -7324.952927        2.496169
FIRE:  346 15:10:51    -7325.065912        2.548592
FIRE:  347 15:10:52    -7325.179379        2.599042
FIRE:  348 15:10:52    -7325.293344        2.647392
FIRE:  349 15:10:52    -7325.407818        2.693521
FIRE:  350 15:10:52    -7325.522810        2.737311
FIRE:  351 15:10:52    -7325.638327        2.778651
FIRE:  352 15:10:52    -7325.754374        2.817434
FIRE:  353 15:10:52    -7325.870948        2.853561
FIRE:  354 15:10:53    -7325.988045        2.886938
FIRE:  355 15:10:53    -7326.105655        2.917479
FIRE:  356 15:10:53    -7326.223760        2.945107
FIRE:  357 15:10:53    -7326.342342        2.969750
FIRE:  358 15:10:53    -7326.461372        2.991348
FIRE:  359 15:10:53    -7326.580817        3.009847
FIRE:  360 15:10:53    -7326.700639        3.025204
FIRE:  361 15:10:54    -7326.820789        3.037385
FIRE:  362 15:10:54    -7326.941216        3.046365
FIRE:  363 15:10:54    -7327.061855        3.052129
FIRE:  364 15:10:54    -7327.182640        3.054672
FIRE:  365 15:10:54    -7327.303494        3.053999
FIRE:  366 15:10:54    -7327.424332        3.050124
FIRE:  367 15:10:54    -7327.545063        3.043069
FIRE:  368 15:10:55    -7327.665589        3.032869
FIRE:  369 15:10:55    -7327.785804        3.019565
FIRE:  370 15:10:55    -7327.905598        3.003207
FIRE:  371 15:10:55    -7328.024852        2.983854
FIRE:  372 15:10:55    -7328.143444        2.961573
FIRE:  373 15:10:55    -7328.261247        2.936439
FIRE:  374 15:10:56    -7328.378128        2.908533
FIRE:  375 15:10:56    -7328.493952        2.877944
FIRE:  376 15:10:56    -7328.608583        2.844766
FIRE:  377 15:10:56    -7328.721883        2.809099
FIRE:  378 15:10:56    -7328.833715        2.771050
FIRE:  379 15:10:56    -7328.943946        2.730728
FIRE:  380 15:10:56    -7329.052443        2.688250
FIRE:  381 15:10:57    -7329.159080        2.643732
FIRE:  382 15:10:57    -7329.263738        2.597299
FIRE:  383 15:10:57    -7329.366304        2.549075
FIRE:  384 15:10:57    -7329.466679        2.499187
FIRE:  385 15:10:57    -7329.564773        2.447766
FIRE:  386 15:10:57    -7329.660511        2.394941
FIRE:  387 15:10:57    -7329.753835        2.340845
FIRE:  388 15:10:58    -7329.844706        2.285609
FIRE:  389 15:10:58    -7329.933101        2.229365
FIRE:  390 15:10:58    -7330.019023        2.172245
FIRE:  391 15:10:58    -7330.102495        2.284554
FIRE:  392 15:10:58    -7330.183564        2.476327
FIRE:  393 15:10:58    -7330.262301        2.671265
FIRE:  394 15:10:58    -7330.338805        2.868513
FIRE:  395 15:10:59    -7330.413196        3.067148
FIRE:  396 15:10:59    -7330.485622        3.266184
FIRE:  397 15:10:59    -7330.556252        3.464578
FIRE:  398 15:10:59    -7330.625281        3.661235
FIRE:  399 15:10:59    -7330.692922        3.855020
FIRE:  400 15:10:59    -7330.759408        4.044762
FIRE:  401 15:10:59    -7330.824989        4.229263
FIRE:  402 15:11:00    -7330.889924        4.407314
FIRE:  403 15:11:00    -7330.954486        4.577703
FIRE:  404 15:11:00    -7331.018950        4.739231
FIRE:  405 15:11:00    -7331.083593        4.890726
FIRE:  406 15:11:00    -7331.148688        5.031060
FIRE:  407 15:11:00    -7331.214504        5.159163
FIRE:  408 15:11:01    -7331.281292        5.274040
FIRE:  409 15:11:01    -7331.349292        5.374788
FIRE:  410 15:11:01    -7331.418720        5.460608
FIRE:  411 15:11:01    -7331.489768        5.530819
FIRE:  412 15:11:01    -7331.562602        5.584875
FIRE:  413 15:11:01    -7331.637355        5.622363
FIRE:  414 15:11:01    -7331.714127        5.643024
FIRE:  415 15:11:02    -7331.792985        5.646745
FIRE:  416 15:11:02    -7331.873959        5.633569
FIRE:  417 15:11:02    -7331.957044        5.603688
FIRE:  418 15:11:02    -7332.042199        5.557444
FIRE:  419 15:11:02    -7332.129351        5.495316
FIRE:  420 15:11:02    -7332.218394        5.417918
FIRE:  421 15:11:02    -7332.309193        5.325979
FIRE:  422 15:11:03    -7332.401587        5.220337
FIRE:  423 15:11:03    -7332.495394        5.101920
FIRE:  424 15:11:03    -7332.590410        4.971731
FIRE:  425 15:11:03    -7332.686419        4.830832
FIRE:  426 15:11:03    -7332.783191        4.680327
FIRE:  427 15:11:03    -7332.880488        4.521349
FIRE:  428 15:11:03    -7332.978072        4.355040
FIRE:  429 15:11:04    -7333.075701        4.182541
FIRE:  430 15:11:04    -7333.173137        4.004977
FIRE:  431 15:11:04    -7333.270146        3.823447
FIRE:  432 15:11:04    -7333.366506        3.639013
FIRE:  433 15:11:04    -7333.462000        3.452693
FIRE:  434 15:11:04    -7333.556427        3.265454
FIRE:  435 15:11:05    -7333.649597        3.078206
FIRE:  436 15:11:05    -7333.741335        2.891797
FIRE:  437 15:11:05    -7333.831479        2.707015
FIRE:  438 15:11:05    -7333.919883        2.607953
FIRE:  439 15:11:05    -7334.006418        2.576059
FIRE:  440 15:11:05    -7334.090968        2.541199
FIRE:  441 15:11:05    -7334.173431        2.503435
FIRE:  442 15:11:06    -7334.253720        2.462833
FIRE:  443 15:11:06    -7334.331763        2.419471
FIRE:  444 15:11:06    -7334.407497        2.373433
FIRE:  445 15:11:06    -7334.480873        2.324806
FIRE:  446 15:11:06    -7334.551852        2.273679
FIRE:  447 15:11:06    -7334.620405        2.220147
FIRE:  448 15:11:06    -7334.686511        2.164303
FIRE:  449 15:11:07    -7334.750157        2.106246
FIRE:  450 15:11:07    -7334.811336        2.046073
FIRE:  451 15:11:07    -7334.870048        1.983882
FIRE:  452 15:11:07    -7334.926299        1.961076
FIRE:  453 15:11:07    -7334.980100        1.957831
FIRE:  454 15:11:07    -7335.031463        1.953356
FIRE:  455 15:11:07    -7335.080407        1.947659
FIRE:  456 15:11:08    -7335.126953        1.940760
FIRE:  457 15:11:08    -7335.171126        1.963002
FIRE:  458 15:11:08    -7335.212954        2.008379
FIRE:  459 15:11:08    -7335.252468        2.052465
FIRE:  460 15:11:08    -7335.289698        2.095133
FIRE:  461 15:11:08    -7335.324681        2.136254
FIRE:  462 15:11:08    -7335.357453        2.175704
FIRE:  463 15:11:09    -7335.388051        2.213358
FIRE:  464 15:11:09    -7335.416516        2.249100
FIRE:  465 15:11:09    -7335.442888        2.282816
FIRE:  466 15:11:09    -7335.467211        2.319269
FIRE:  467 15:11:09    -7335.489527        2.357099
FIRE:  468 15:11:09    -7335.509882        2.416558
FIRE:  469 15:11:10    -7335.528321        2.472321
FIRE:  470 15:11:10    -7335.544890        2.524505
FIRE:  471 15:11:10    -7335.559635        2.573224
FIRE:  472 15:11:10    -7335.572603        2.618590
FIRE:  473 15:11:10    -7335.583840        2.660711
FIRE:  474 15:11:10    -7335.593394        2.699692
FIRE:  475 15:11:10    -7335.601310        2.735635
FIRE:  476 15:11:11    -7335.607635        2.768639
FIRE:  477 15:11:11    -7335.612414        2.798797
FIRE:  478 15:11:11    -7335.615692        2.826201
FIRE:  479 15:11:11    -7335.617513        2.850937
FIRE:  480 15:11:11    -7336.094704        2.656188
FIRE:  481 15:11:11    -7336.547292        2.464286
FIRE:  482 15:11:11    -7336.977073        2.274472
FIRE:  483 15:11:12    -7337.385719        2.086244
FIRE:  484 15:11:12    -7337.774792        1.899394
FIRE:  485 15:11:12    -7338.145759        1.714072
FIRE:  486 15:11:12    -7338.500007        1.530854
FIRE:  487 15:11:12    -7338.838925        1.351135
FIRE:  488 15:11:12    -7339.163848        1.200928
FIRE:  489 15:11:12    -7339.476063        1.148938
FIRE:  490 15:11:13    -7339.776810        1.104440
FIRE:  491 15:11:13    -7340.067279        1.061244
FIRE:  492 15:11:13    -7340.348601        1.019349
FIRE:  493 15:11:13    -7340.621826        0.991445
FIRE:  494 15:11:13    -7340.887832        0.979309
FIRE:  495 15:11:13    -7341.147370        0.967507
FIRE:  496 15:11:14    -7341.401075        0.956061
FIRE:  497 15:11:14    -7341.649470        0.944987
FIRE:  498 15:11:14    -7341.892967        0.934294
FIRE:  499 15:11:14    -7342.131880        0.923988
FIRE:  500 15:11:14    -7342.366444        0.914068
