      Step     Time          Energy          fmax
FIRE:    0 09:09:50    -7203.398977        4.807060
FIRE:    1 09:09:51    -7204.812315        4.545862
FIRE:    2 09:09:55    -7206.181841        4.296742
FIRE:    3 09:09:59    -7207.508986        4.058877
FIRE:    4 09:09:59    -7208.795202        3.831465
FIRE:    5 09:10:04    -7210.041963        3.613740
FIRE:    6 09:10:04    -7211.250758        3.404980
FIRE:    7 09:10:04    -7212.423090        3.204518
FIRE:    8 09:10:04    -7213.560570        3.011911
FIRE:    9 09:10:05    -7214.664822        2.826691
FIRE:   10 09:10:05    -7215.737475        2.648412
FIRE:   11 09:10:05    -7216.780152        2.476658
FIRE:   12 09:10:05    -7217.794466        2.331985
FIRE:   13 09:10:05    -7218.782012        2.236578
FIRE:   14 09:10:05    -7219.744355        2.146367
FIRE:   15 09:10:05    -7220.683032        2.061072
FIRE:   16 09:10:06    -7221.599539        1.980437
FIRE:   17 09:10:06    -7222.495325        1.904234
FIRE:   18 09:10:06    -7223.371790        1.832254
FIRE:   19 09:10:06    -7224.230274        1.764303
FIRE:   20 09:10:06    -7225.072053        1.700198
FIRE:   21 09:10:06    -7225.898335        1.639765
FIRE:   22 09:10:06    -7226.710251        1.611325
FIRE:   23 09:10:07    -7227.508858        1.596883
FIRE:   24 09:10:07    -7228.295129        1.582319
FIRE:   25 09:10:07    -7229.069957        1.567637
FIRE:   26 09:10:07    -7229.834151        1.552841
FIRE:   27 09:10:07    -7230.588438        1.537933
FIRE:   28 09:10:07    -7231.333465        1.522916
FIRE:   29 09:10:07    -7232.069801        1.507794
FIRE:   30 09:10:08    -7232.797946        1.492568
FIRE:   31 09:10:08    -7233.518329        1.477240
FIRE:   32 09:10:08    -7234.231242        1.461807
FIRE:   33 09:10:08    -7234.936937        1.446268
FIRE:   34 09:10:08    -7235.635644        1.430620
FIRE:   35 09:10:08    -7236.327573        1.414860
FIRE:   36 09:10:08    -7237.012911        1.398989
FIRE:   37 09:10:09    -7237.691830        1.383005
FIRE:   38 09:10:09    -7238.364481        1.366909
FIRE:   39 09:10:09    -7239.031003        1.350701
FIRE:   40 09:10:09    -7239.691519        1.334385
FIRE:   41 09:10:09    -7240.346144        1.317961
FIRE:   42 09:10:09    -7240.994981        1.301434
FIRE:   43 09:10:09    -7241.638126        1.284808
FIRE:   44 09:10:10    -7242.275667        1.268087
FIRE:   45 09:10:10    -7242.907689        1.251278
FIRE:   46 09:10:10    -7243.534269        1.234388
FIRE:   47 09:10:10    -7244.155484        1.217428
FIRE:   48 09:10:10    -7244.771406        1.200412
FIRE:   49 09:10:10    -7245.382103        1.183346
FIRE:   50 09:10:10    -7245.987646        1.166243
FIRE:   51 09:10:11    -7246.588098        1.149112
FIRE:   52 09:10:11    -7247.183527        1.131966
FIRE:   53 09:10:11    -7247.773994        1.114816
FIRE:   54 09:10:11    -7248.359564        1.097675
FIRE:   55 09:10:11    -7248.940297        1.080558
FIRE:   56 09:10:11    -7249.516254        1.063478
FIRE:   57 09:10:11    -7250.087496        1.046450
FIRE:   58 09:10:12    -7250.654080        1.029489
FIRE:   59 09:10:12    -7251.216066        1.012611
FIRE:   60 09:10:12    -7251.773509        1.011204
FIRE:   61 09:10:12    -7252.326467        1.013479
FIRE:   62 09:10:12    -7252.874993        1.015665
FIRE:   63 09:10:12    -7253.419141        1.017745
FIRE:   64 09:10:13    -7253.958962        1.019702
FIRE:   65 09:10:13    -7254.494509        1.021522
FIRE:   66 09:10:13    -7255.025831        1.023189
FIRE:   67 09:10:13    -7255.552976        1.024686
FIRE:   68 09:10:13    -7256.075992        1.025995
FIRE:   69 09:10:13    -7256.594924        1.027096
FIRE:   70 09:10:13    -7257.109819        1.027973
FIRE:   71 09:10:14    -7257.620719        1.028610
FIRE:   72 09:10:14    -7258.127668        1.028990
FIRE:   73 09:10:14    -7258.630707        1.029099
FIRE:   74 09:10:14    -7259.129879        1.028920
FIRE:   75 09:10:14    -7259.625223        1.028505
FIRE:   76 09:10:14    -7260.116779        1.029737
FIRE:   77 09:10:15    -7260.604585        1.030885
FIRE:   78 09:10:15    -7261.088681        1.031947
FIRE:   79 09:10:15    -7261.569104        1.032924
FIRE:   80 09:10:15    -7262.045892        1.033813
FIRE:   81 09:10:15    -7262.519081        1.034614
FIRE:   82 09:10:15    -7262.988708        1.035324
FIRE:   83 09:10:15    -7263.454809        1.035941
FIRE:   84 09:10:16    -7263.917422        1.036464
FIRE:   85 09:10:16    -7264.376580        1.036890
FIRE:   86 09:10:16    -7264.832320        1.037217
FIRE:   87 09:10:16    -7265.284678        1.037443
FIRE:   88 09:10:16    -7265.733688        1.037565
FIRE:   89 09:10:16    -7266.179386        1.037580
FIRE:   90 09:10:16    -7266.621806        1.037484
FIRE:   91 09:10:17    -7267.060985        1.037273
FIRE:   92 09:10:17    -7267.496956        1.036944
FIRE:   93 09:10:17    -7267.929755        1.036491
FIRE:   94 09:10:17    -7268.359416        1.035909
FIRE:   95 09:10:17    -7268.785973        1.035193
FIRE:   96 09:10:17    -7269.209460        1.034336
FIRE:   97 09:10:18    -7269.629909        1.033333
FIRE:   98 09:10:18    -7270.047355        1.032177
FIRE:   99 09:10:18    -7270.461830        1.030859
FIRE:  100 09:10:18    -7270.873366        1.029373
FIRE:  101 09:10:18    -7271.281995        1.027709
FIRE:  102 09:10:18    -7271.687749        1.025859
FIRE:  103 09:10:18    -7272.090657        1.023813
FIRE:  104 09:10:19    -7272.490751        1.021562
FIRE:  105 09:10:19    -7272.888059        1.019096
FIRE:  106 09:10:19    -7273.282610        1.016403
FIRE:  107 09:10:19    -7273.674434        1.013471
FIRE:  108 09:10:19    -7274.063558        1.010290
FIRE:  109 09:10:19    -7274.450009        1.006841
FIRE:  110 09:10:19    -7274.833814        1.003111
FIRE:  111 09:10:20    -7275.214998        0.999086
FIRE:  112 09:10:20    -7275.593587        0.994753
FIRE:  113 09:10:20    -7275.969606        0.990095
FIRE:  114 09:10:20    -7276.343077        0.985097
FIRE:  115 09:10:20    -7276.714026        0.979743
FIRE:  116 09:10:20    -7277.082474        0.974016
FIRE:  117 09:10:21    -7277.448444        0.967898
FIRE:  118 09:10:21    -7277.811956        0.961372
FIRE:  119 09:10:21    -7278.173032        0.954418
FIRE:  120 09:10:21    -7278.531690        0.947019
FIRE:  121 09:10:21    -7278.887951        0.939154
FIRE:  122 09:10:21    -7279.241834        0.930804
FIRE:  123 09:10:21    -7279.593355        0.921949
FIRE:  124 09:10:22    -7279.942535        0.912571
FIRE:  125 09:10:22    -7280.289390        0.902649
FIRE:  126 09:10:22    -7280.633936        0.892165
FIRE:  127 09:10:22    -7280.976192        0.886412
FIRE:  128 09:10:22    -7281.316173        0.883985
FIRE:  129 09:10:22    -7281.653896        0.881153
FIRE:  130 09:10:22    -7281.989378        0.877906
FIRE:  131 09:10:23    -7282.322634        0.874237
FIRE:  132 09:10:23    -7282.653681        0.870138
FIRE:  133 09:10:23    -7282.982536        0.865599
FIRE:  134 09:10:23    -7283.309216        0.860614
FIRE:  135 09:10:23    -7283.633739        0.855174
FIRE:  136 09:10:23    -7283.956121        0.849270
FIRE:  137 09:10:23    -7284.276382        0.842894
FIRE:  138 09:10:24    -7284.594540        0.836037
FIRE:  139 09:10:24    -7284.910615        0.828689
FIRE:  140 09:10:24    -7285.224629        0.820841
FIRE:  141 09:10:24    -7285.536603        0.812484
FIRE:  142 09:10:24    -7285.846559        0.807914
FIRE:  143 09:10:24    -7286.154520        0.813376
FIRE:  144 09:10:24    -7286.460512        0.818748
FIRE:  145 09:10:25    -7286.764561        0.824018
FIRE:  146 09:10:25    -7287.066692        0.829172
FIRE:  147 09:10:25    -7287.366935        0.834197
FIRE:  148 09:10:25    -7287.665317        0.839079
FIRE:  149 09:10:25    -7287.961871        0.843803
FIRE:  150 09:10:25    -7288.256626        0.848355
FIRE:  151 09:10:25    -7288.549615        0.852722
FIRE:  152 09:10:26    -7288.840872        0.856887
FIRE:  153 09:10:26    -7289.130430        0.860838
FIRE:  154 09:10:26    -7289.418326        0.864558
FIRE:  155 09:10:26    -7289.704595        0.868034
FIRE:  156 09:10:26    -7289.989275        0.871249
FIRE:  157 09:10:26    -7290.272403        0.874191
FIRE:  158 09:10:26    -7290.554019        0.876843
FIRE:  159 09:10:27    -7290.834162        0.879200
FIRE:  160 09:10:27    -7291.112872        0.881250
FIRE:  161 09:10:27    -7291.390191        0.882976
FIRE:  162 09:10:27    -7291.666159        0.884359
FIRE:  163 09:10:27    -7291.940820        0.885382
FIRE:  164 09:10:27    -7292.214216        0.886026
FIRE:  165 09:10:27    -7292.486390        0.886274
FIRE:  166 09:10:28    -7292.757385        0.886109
FIRE:  167 09:10:28    -7293.027245        0.885513
FIRE:  168 09:10:28    -7293.296013        0.884470
FIRE:  169 09:10:28    -7293.563733        0.882963
FIRE:  170 09:10:28    -7293.830449        0.880977
FIRE:  171 09:10:28    -7294.096204        0.878496
FIRE:  172 09:10:28    -7294.361042        0.875506
FIRE:  173 09:10:29    -7294.625006        0.871994
FIRE:  174 09:10:29    -7294.888138        0.867965
FIRE:  175 09:10:29    -7295.150480        0.863413
FIRE:  176 09:10:29    -7295.412075        0.858325
FIRE:  177 09:10:29    -7295.672963        0.852692
FIRE:  178 09:10:29    -7295.933183        0.846503
FIRE:  179 09:10:29    -7296.192773        0.839749
FIRE:  180 09:10:30    -7296.451770        0.834012
FIRE:  181 09:10:30    -7296.710208        0.837932
FIRE:  182 09:10:30    -7296.968120        0.841822
FIRE:  183 09:10:30    -7297.225537        0.845666
FIRE:  184 09:10:30    -7297.482487        0.849445
FIRE:  185 09:10:30    -7297.738995        0.853143
FIRE:  186 09:10:30    -7297.995085        0.856741
FIRE:  187 09:10:31    -7298.250775        0.860224
FIRE:  188 09:10:31    -7298.506083        0.863575
FIRE:  189 09:10:31    -7298.761022        0.866777
FIRE:  190 09:10:31    -7299.015603        0.869814
FIRE:  191 09:10:31    -7299.269830        0.872672
FIRE:  192 09:10:31    -7299.523708        0.875337
FIRE:  193 09:10:31    -7299.777235        0.877793
FIRE:  194 09:10:31    -7300.030406        0.880028
FIRE:  195 09:10:32    -7300.283214        0.882029
FIRE:  196 09:10:32    -7300.535646        0.883783
FIRE:  197 09:10:32    -7300.787687        0.885279
FIRE:  198 09:10:32    -7301.039316        0.886505
FIRE:  199 09:10:32    -7301.290513        0.888191
FIRE:  200 09:10:32    -7301.541249        0.893428
FIRE:  201 09:10:32    -7301.791497        0.898485
FIRE:  202 09:10:33    -7302.041223        0.903351
FIRE:  203 09:10:33    -7302.290391        0.908017
FIRE:  204 09:10:33    -7302.538964        0.912473
FIRE:  205 09:10:33    -7302.786901        0.916710
FIRE:  206 09:10:33    -7303.034159        0.920722
FIRE:  207 09:10:33    -7303.280693        0.924501
FIRE:  208 09:10:33    -7303.526457        0.928041
FIRE:  209 09:10:34    -7303.771403        0.931338
FIRE:  210 09:10:34    -7304.015484        0.935893
FIRE:  211 09:10:34    -7304.258649        0.940987
FIRE:  212 09:10:34    -7304.500849        0.945982
FIRE:  213 09:10:34    -7304.742035        0.950867
FIRE:  214 09:10:34    -7304.982155        0.955630
FIRE:  215 09:10:34    -7305.221162        0.960259
FIRE:  216 09:10:35    -7305.459006        0.964743
FIRE:  217 09:10:35    -7305.695639        0.969069
FIRE:  218 09:10:35    -7305.931013        0.973225
FIRE:  219 09:10:35    -7306.165083        0.977198
FIRE:  220 09:10:35    -7306.397803        0.980975
FIRE:  221 09:10:35    -7306.629131        0.984544
FIRE:  222 09:10:35    -7306.859024        0.987890
FIRE:  223 09:10:36    -7307.087442        0.991000
FIRE:  224 09:10:36    -7307.314347        0.993861
FIRE:  225 09:10:36    -7307.539703        0.996460
FIRE:  226 09:10:36    -7307.763473        0.998781
FIRE:  227 09:10:36    -7307.985627        1.000812
FIRE:  228 09:10:36    -7308.206133        1.002538
FIRE:  229 09:10:36    -7308.424962        1.003946
FIRE:  230 09:10:37    -7308.642089        1.005022
FIRE:  231 09:10:37    -7308.857489        1.005753
FIRE:  232 09:10:37    -7309.071140        1.006124
FIRE:  233 09:10:37    -7309.283020        1.006122
FIRE:  234 09:10:37    -7309.493114        1.011208
FIRE:  235 09:10:37    -7309.701403        1.032365
FIRE:  236 09:10:37    -7309.907875        1.051886
FIRE:  237 09:10:38    -7310.112518        1.069718
FIRE:  238 09:10:38    -7310.315322        1.085818
FIRE:  239 09:10:38    -7310.516280        1.100147
FIRE:  240 09:10:38    -7310.715387        1.112677
FIRE:  241 09:10:38    -7310.912640        1.123388
FIRE:  242 09:10:38    -7311.108038        1.132267
FIRE:  243 09:10:39    -7311.301584        1.139311
FIRE:  244 09:10:39    -7311.493280        1.144523
FIRE:  245 09:10:39    -7311.683133        1.147916
FIRE:  246 09:10:39    -7311.871152        1.149508
FIRE:  247 09:10:39    -7312.057346        1.149327
FIRE:  248 09:10:39    -7312.241729        1.147406
FIRE:  249 09:10:39    -7312.424315        1.143787
FIRE:  250 09:10:40    -7312.605123        1.138516
FIRE:  251 09:10:40    -7312.784171        1.131646
FIRE:  252 09:10:40    -7312.961480        1.123236
FIRE:  253 09:10:40    -7313.137074        1.113347
FIRE:  254 09:10:40    -7313.310977        1.102049
FIRE:  255 09:10:40    -7313.483217        1.089412
FIRE:  256 09:10:40    -7313.653821        1.075512
FIRE:  257 09:10:41    -7313.822817        1.060425
FIRE:  258 09:10:41    -7313.990237        1.044232
FIRE:  259 09:10:41    -7314.156110        1.036534
FIRE:  260 09:10:41    -7314.320469        1.038589
FIRE:  261 09:10:41    -7314.483346        1.039237
FIRE:  262 09:10:41    -7314.644773        1.038475
FIRE:  263 09:10:41    -7314.804784        1.036307
FIRE:  264 09:10:42    -7314.963410        1.032740
FIRE:  265 09:10:42    -7315.120685        1.042785
FIRE:  266 09:10:42    -7315.276640        1.074812
FIRE:  267 09:10:42    -7315.431306        1.106196
FIRE:  268 09:10:42    -7315.584715        1.136315
FIRE:  269 09:10:42    -7315.736896        1.165077
FIRE:  270 09:10:43    -7315.887876        1.192396
FIRE:  271 09:10:43    -7316.037684        1.218190
FIRE:  272 09:10:43    -7316.186344        1.242388
FIRE:  273 09:10:43    -7316.333880        1.264922
FIRE:  274 09:10:43    -7316.480314        1.285733
FIRE:  275 09:10:43    -7316.625667        1.304769
FIRE:  276 09:10:43    -7316.769958        1.321985
FIRE:  277 09:10:44    -7316.913204        1.337344
FIRE:  278 09:10:44    -7317.055421        1.350817
FIRE:  279 09:10:44    -7317.196624        1.362380
FIRE:  280 09:10:44    -7317.336825        1.372021
FIRE:  281 09:10:44    -7317.476035        1.379732
FIRE:  282 09:10:44    -7317.614264        1.393669
FIRE:  283 09:10:44    -7317.751520        1.429217
FIRE:  284 09:10:45    -7317.887809        1.463402
FIRE:  285 09:10:45    -7318.023139        1.496136
FIRE:  286 09:10:45    -7318.157512        1.527338
FIRE:  287 09:10:45    -7318.290935        1.556931
FIRE:  288 09:10:45    -7318.423408        1.584846
FIRE:  289 09:10:45    -7318.554936        1.611018
FIRE:  290 09:10:46    -7318.685520        1.635389
FIRE:  291 09:10:46    -7318.815164        1.657910
FIRE:  292 09:10:46    -7318.943869        1.678536
FIRE:  293 09:10:46    -7319.071640        1.697230
FIRE:  294 09:10:46    -7319.198479        1.713961
FIRE:  295 09:10:46    -7319.324391        1.728707
FIRE:  296 09:10:46    -7319.449384        1.741451
FIRE:  297 09:10:47    -7319.573463        1.752183
FIRE:  298 09:10:47    -7319.696639        1.760901
FIRE:  299 09:10:47    -7319.818920        1.767608
FIRE:  300 09:10:47    -7319.940321        1.772315
FIRE:  301 09:10:47    -7320.060854        1.775037
FIRE:  302 09:10:47    -7320.180536        1.775798
FIRE:  303 09:10:47    -7320.299385        1.774625
FIRE:  304 09:10:48    -7320.417421        1.771551
FIRE:  305 09:10:48    -7320.534667        1.766617
FIRE:  306 09:10:48    -7320.651146        1.802073
FIRE:  307 09:10:48    -7320.766884        1.840930
FIRE:  308 09:10:48    -7320.881910        1.878117
FIRE:  309 09:10:48    -7320.996253        1.913537
FIRE:  310 09:10:48    -7321.109943        1.947098
FIRE:  311 09:10:49    -7321.223015        1.978714
FIRE:  312 09:10:49    -7321.335501        2.008301
FIRE:  313 09:10:49    -7321.447436        2.035783
FIRE:  314 09:10:49    -7321.558857        2.061089
FIRE:  315 09:10:49    -7321.669801        2.084154
FIRE:  316 09:10:49    -7321.780305        2.104923
FIRE:  317 09:10:49    -7321.890408        2.123344
FIRE:  318 09:10:50    -7322.000147        2.139374
FIRE:  319 09:10:50    -7322.109561        2.152979
FIRE:  320 09:10:50    -7322.218687        2.164131
FIRE:  321 09:10:50    -7322.327565        2.172811
FIRE:  322 09:10:50    -7322.436230        2.179007
FIRE:  323 09:10:50    -7322.544719        2.182717
FIRE:  324 09:10:50    -7322.653069        2.183945
FIRE:  325 09:10:51    -7322.761315        2.182704
FIRE:  326 09:10:51    -7322.869493        2.179015
FIRE:  327 09:10:51    -7322.977637        2.172905
FIRE:  328 09:10:51    -7323.085781        2.164412
FIRE:  329 09:10:51    -7323.193957        2.160357
FIRE:  330 09:10:51    -7323.302197        2.162887
FIRE:  331 09:10:52    -7323.410532        2.163647
FIRE:  332 09:10:52    -7323.518994        2.162680
FIRE:  333 09:10:52    -7323.627611        2.181217
FIRE:  334 09:10:52    -7323.736413        2.213797
FIRE:  335 09:10:52    -7323.845428        2.244652
FIRE:  336 09:10:52    -7323.954684        2.273702
FIRE:  337 09:10:52    -7324.064206        2.300874
FIRE:  338 09:10:53    -7324.174022        2.326102
FIRE:  339 09:10:53    -7324.284155        2.349325
FIRE:  340 09:10:53    -7324.394631        2.370485
FIRE:  341 09:10:53    -7324.505472        2.389532
FIRE:  342 09:10:53    -7324.616702        2.406419
FIRE:  343 09:10:53    -7324.728341        2.421111
FIRE:  344 09:10:53    -7324.840410        2.441900
FIRE:  345 09:10:54    -7324.952927        2.496169
FIRE:  346 09:10:54    -7325.065912        2.548592
FIRE:  347 09:10:54    -7325.179379        2.599042
FIRE:  348 09:10:54    -7325.293344        2.647392
FIRE:  349 09:10:54    -7325.407818        2.693521
FIRE:  350 09:10:54    -7325.522810        2.737311
FIRE:  351 09:10:54    -7325.638327        2.778651
FIRE:  352 09:10:55    -7325.754374        2.817434
FIRE:  353 09:10:55    -7325.870948        2.853561
FIRE:  354 09:10:55    -7325.988045        2.886938
FIRE:  355 09:10:55    -7326.105655        2.917479
FIRE:  356 09:10:55    -7326.223760        2.945107
FIRE:  357 09:10:55    -7326.342342        2.969750
FIRE:  358 09:10:55    -7326.461372        2.991348
FIRE:  359 09:10:56    -7326.580817        3.009847
FIRE:  360 09:10:56    -7326.700639        3.025204
FIRE:  361 09:10:56    -7326.820789        3.037385
FIRE:  362 09:10:56    -7326.941216        3.046365
FIRE:  363 09:10:56    -7327.061855        3.052129
FIRE:  364 09:10:56    -7327.182640        3.054672
FIRE:  365 09:10:56    -7327.303494        3.053999
FIRE:  366 09:10:57    -7327.424332        3.050124
FIRE:  367 09:10:57    -7327.545063        3.043069
FIRE:  368 09:10:57    -7327.665589        3.032869
FIRE:  369 09:10:57    -7327.785804        3.019565
FIRE:  370 09:10:57    -7327.905598        3.003207
FIRE:  371 09:10:57    -7328.024852        2.983854
FIRE:  372 09:10:58    -7328.143444        2.961573
FIRE:  373 09:10:58    -7328.261247        2.936439
FIRE:  374 09:10:58    -7328.378128        2.908533
FIRE:  375 09:10:58    -7328.493952        2.877944
FIRE:  376 09:10:58    -7328.608583        2.844766
FIRE:  377 09:10:58    -7328.721883        2.809099
FIRE:  378 09:10:58    -7328.833715        2.771050
FIRE:  379 09:10:59    -7328.943946        2.730728
FIRE:  380 09:10:59    -7329.052443        2.688250
FIRE:  381 09:10:59    -7329.159080        2.643732
FIRE:  382 09:10:59    -7329.263738        2.597299
FIRE:  383 09:10:59    -7329.366304        2.549075
FIRE:  384 09:10:59    -7329.466679        2.499187
FIRE:  385 09:10:59    -7329.564773        2.447766
FIRE:  386 09:11:00    -7329.660511        2.394941
FIRE:  387 09:11:00    -7329.753835        2.340845
FIRE:  388 09:11:00    -7329.844706        2.285609
FIRE:  389 09:11:00    -7329.933101        2.229365
FIRE:  390 09:11:00    -7330.019023        2.172245
FIRE:  391 09:11:00    -7330.102495        2.284554
FIRE:  392 09:11:00    -7330.183564        2.476327
FIRE:  393 09:11:01    -7330.262301        2.671265
FIRE:  394 09:11:01    -7330.338805        2.868513
FIRE:  395 09:11:01    -7330.413196        3.067148
FIRE:  396 09:11:01    -7330.485622        3.266184
FIRE:  397 09:11:01    -7330.556252        3.464578
FIRE:  398 09:11:01    -7330.625281        3.661235
FIRE:  399 09:11:01    -7330.692922        3.855020
FIRE:  400 09:11:02    -7330.759408        4.044762
FIRE:  401 09:11:02    -7330.824989        4.229263
FIRE:  402 09:11:02    -7330.889924        4.407314
FIRE:  403 09:11:02    -7330.954486        4.577703
FIRE:  404 09:11:02    -7331.018950        4.739231
FIRE:  405 09:11:02    -7331.083593        4.890726
FIRE:  406 09:11:02    -7331.148688        5.031060
FIRE:  407 09:11:03    -7331.214504        5.159163
FIRE:  408 09:11:03    -7331.281292        5.274040
FIRE:  409 09:11:03    -7331.349292        5.374788
FIRE:  410 09:11:03    -7331.418720        5.460608
FIRE:  411 09:11:03    -7331.489768        5.530819
FIRE:  412 09:11:03    -7331.562602        5.584875
FIRE:  413 09:11:03    -7331.637355        5.622363
FIRE:  414 09:11:04    -7331.714127        5.643024
FIRE:  415 09:11:04    -7331.792985        5.646745
FIRE:  416 09:11:04    -7331.873959        5.633569
FIRE:  417 09:11:04    -7331.957044        5.603688
FIRE:  418 09:11:04    -7332.042199        5.557444
FIRE:  419 09:11:04    -7332.129351        5.495316
FIRE:  420 09:11:04    -7332.218394        5.417918
FIRE:  421 09:11:05    -7332.309193        5.325979
FIRE:  422 09:11:05    -7332.401587        5.220337
FIRE:  423 09:11:05    -7332.495394        5.101920
FIRE:  424 09:11:05    -7332.590410        4.971731
FIRE:  425 09:11:05    -7332.686419        4.830832
FIRE:  426 09:11:05    -7332.783191        4.680327
FIRE:  427 09:11:05    -7332.880488        4.521349
FIRE:  428 09:11:06    -7332.978072        4.355040
FIRE:  429 09:11:06    -7333.075701        4.182541
FIRE:  430 09:11:06    -7333.173137        4.004977
FIRE:  431 09:11:06    -7333.270146        3.823447
FIRE:  432 09:11:06    -7333.366506        3.639013
FIRE:  433 09:11:06    -7333.462000        3.452693
FIRE:  434 09:11:06    -7333.556427        3.265454
FIRE:  435 09:11:07    -7333.649597        3.078206
FIRE:  436 09:11:07    -7333.741335        2.891797
FIRE:  437 09:11:07    -7333.831479        2.707015
FIRE:  438 09:11:07    -7333.919883        2.607953
FIRE:  439 09:11:07    -7334.006418        2.576059
FIRE:  440 09:11:07    -7334.090968        2.541199
FIRE:  441 09:11:07    -7334.173431        2.503435
FIRE:  442 09:11:08    -7334.253720        2.462833
FIRE:  443 09:11:08    -7334.331763        2.419471
FIRE:  444 09:11:08    -7334.407497        2.373433
FIRE:  445 09:11:08    -7334.480873        2.324806
FIRE:  446 09:11:08    -7334.551852        2.273679
FIRE:  447 09:11:08    -7334.620405        2.220147
FIRE:  448 09:11:08    -7334.686511        2.164303
FIRE:  449 09:11:08    -7334.750157        2.106246
FIRE:  450 09:11:09    -7334.811336        2.046073
FIRE:  451 09:11:09    -7334.870048        1.983882
FIRE:  452 09:11:09    -7334.926299        1.961076
FIRE:  453 09:11:09    -7334.980100        1.957831
FIRE:  454 09:11:09    -7335.031463        1.953356
FIRE:  455 09:11:09    -7335.080407        1.947659
FIRE:  456 09:11:09    -7335.126953        1.940760
FIRE:  457 09:11:10    -7335.171126        1.963002
FIRE:  458 09:11:10    -7335.212954        2.008379
FIRE:  459 09:11:10    -7335.252468        2.052465
FIRE:  460 09:11:10    -7335.289698        2.095133
FIRE:  461 09:11:10    -7335.324681        2.136254
FIRE:  462 09:11:10    -7335.357453        2.175704
FIRE:  463 09:11:10    -7335.388051        2.213358
FIRE:  464 09:11:11    -7335.416516        2.249100
FIRE:  465 09:11:11    -7335.442888        2.282816
FIRE:  466 09:11:11    -7335.467211        2.319269
FIRE:  467 09:11:11    -7335.489527        2.357099
FIRE:  468 09:11:11    -7335.509882        2.416558
FIRE:  469 09:11:11    -7335.528321        2.472321
FIRE:  470 09:11:11    -7335.544890        2.524505
FIRE:  471 09:11:12    -7335.559635        2.573224
FIRE:  472 09:11:12    -7335.572603        2.618590
FIRE:  473 09:11:12    -7335.583840        2.660711
FIRE:  474 09:11:12    -7335.593394        2.699692
FIRE:  475 09:11:12    -7335.601310        2.735635
FIRE:  476 09:11:12    -7335.607635        2.768639
FIRE:  477 09:11:12    -7335.612414        2.798797
FIRE:  478 09:11:13    -7335.615692        2.826201
FIRE:  479 09:11:13    -7335.617513        2.850937
FIRE:  480 09:11:13    -7336.094704        2.656188
FIRE:  481 09:11:13    -7336.547292        2.464286
FIRE:  482 09:11:13    -7336.977073        2.274472
FIRE:  483 09:11:13    -7337.385719        2.086244
FIRE:  484 09:11:13    -7337.774792        1.899394
FIRE:  485 09:11:14    -7338.145759        1.714072
FIRE:  486 09:11:14    -7338.500007        1.530854
FIRE:  487 09:11:14    -7338.838925        1.351135
FIRE:  488 09:11:14    -7339.163848        1.200928
FIRE:  489 09:11:14    -7339.476063        1.148938
FIRE:  490 09:11:14    -7339.776810        1.104440
FIRE:  491 09:11:14    -7340.067279        1.061244
FIRE:  492 09:11:15    -7340.348601        1.019349
FIRE:  493 09:11:15    -7340.621826        0.991445
FIRE:  494 09:11:15    -7340.887832        0.979309
FIRE:  495 09:11:15    -7341.147370        0.967507
FIRE:  496 09:11:15    -7341.401075        0.956061
FIRE:  497 09:11:15    -7341.649470        0.944987
FIRE:  498 09:11:15    -7341.892967        0.934294
FIRE:  499 09:11:16    -7342.131880        0.923988
FIRE:  500 09:11:16    -7342.366444        0.914068
